// Jest Snapshot v1, https://goo.gl/fbAQLP

exports[`<TreeRecursive/> should render without exploding 1`] = `ShallowWrapper {}`;
