// Jest Snapshot v1, https://goo.gl/fbAQLP

exports[`<TreeIterative/> should render without exploding 1`] = `ShallowWrapper {}`;
