// Jest Snapshot v1, https://goo.gl/fbAQLP

exports[`<TreeFactory/> should render without exploding 1`] = `ShallowWrapper {}`;
